{"data": [{"key": 0.0, "value": 3.14}, {"key": 1.0, "value": -3.14}, {"key": 2.0, "value": 3.14e7}, {"key": 3.0, "value": 3.14e-7}, {"key": 4.0, "value": -3.14e7}, {"key": 5.0, "value": -3.14e7}]}